his script is Deprecated. Instead use start-dfs.sh and start-yarn.sh
Starting namenodes on [localhost]
student@localhost's password: 
localhost: starting namenode, logging to /home/WQD7007/hadoop/logs/hadoop-student-namenode-student-VirtualBox.out
student@localhost's password: 
localhost: Permission denied, please try again.
student@localhost's password: 
localhost: starting datanode, logging to /home/WQD7007/hadoop/logs/hadoop-student-datanode-student-VirtualBox.out
Starting secondary namenodes [0.0.0.0]
student@0.0.0.0's password: 
0.0.0.0: starting secondarynamenode, logging to /home/WQD7007/hadoop/logs/hadoop-student-secondarynamenode-student-VirtualBox.out
starting yarn daemons
starting resourcemanager, logging to /home/WQD7007/hadoop/logs/yarn-student-resourcemanager-student-VirtualBox.out
student@localhost's password: 
localhost: Connection closed by 127.0.0.1 port 22
student@localhost's password: 
localhost: starting zookeeper, logging to /home/WQD7007/hbase/bin/../logs/hbase-student-zookeeper-student-VirtualBox.out
starting master, logging to /home/WQD7007/hbase/bin/../logs/hbase-student-master-student-VirtualBox.out
starting regionserver, logging to /home/WQD7007/hbase/bin/../logs/hbase-student-1-regionserver-student-VirtualBox.out
starting historyserver, logging to /home/WQD7007/hadoop/logs/mapred-student-historyserver-student-VirtualBox.out
student@student-VirtualBox:~$ jps
3763 ResourceManager
3427 SecondaryNameNode
5251 JobHistoryServer
5015 HMaster
4952 HQuorumPeer
3144 DataNode
2747 NameNode
5644 Jps
5134 HRegionServer
student@student-VirtualBox:~$ jps
3763 ResourceManager
3427 SecondaryNameNode
5251 JobHistoryServer
6228 Jps
5015 HMaster
4952 HQuorumPeer
3144 DataNode
2747 NameNode
5134 HRegionServer
student@student-VirtualBox:~$ hdfs dfs -put /home/student/Downloads/klse-main-market-stock-rhbtradesmart-topvolume-data.csv /user/hdfs
student@student-VirtualBox:~$ hdfs dfs -ls /user/hdfs
Found 2 items
-rw-r--r--   1 student supergroup    6398990 2019-04-30 00:14 /user/hdfs/batting.csv
-rw-r--r--   1 student supergroup   23304590 2019-10-13 19:10 /user/hdfs/klse-main-market-stock-rhbtradesmart-topvolume-data.csv
student@student-VirtualBox:~$  hdfs dfs -rm /user/hdfs/batting.csv
19/10/13 19:15:44 INFO fs.TrashPolicyDefault: Namenode trash configuration: Deletion interval = 0 minutes, Emptier interval = 0 minutes.
Deleted /user/hdfs/batting.csv
student@student-VirtualBox:~$ hdfs dfs -ls /user
Found 2 items
drwxr-xr-x   - student supergroup          0 2019-10-13 19:15 /user/hdfs
drwxr-xr-x   - student supergroup          0 2019-04-30 00:05 /user/hive
student@student-VirtualBox:~$ hdfs dfs -ls /user/hdfs
Found 1 items
-rw-r--r--   1 student supergroup   23304590 2019-10-13 19:10 /user/hdfs/klse-main-market-stock-rhbtradesmart-topvolume-data.csv
student@student-VirtualBox:~$ hdfs dfs -ls /user/hdfs
Found 1 items
-rw-r--r--   1 student supergroup   23304590 2019-10-13 19:10 /user/hdfs/klse-main-market-stock-rhbtradesmart-topvolume-data.csv
student@student-VirtualBox:~$ hdfs dfs -put /home/student/Downloads/klse-main-market-stock-rhbtradesmart-topvolume-data.csv /user/hdfs

put: `/user/hdfs/klse-main-market-stock-rhbtradesmart-topvolume-data.csv': File exists
student@student-VirtualBox:~$ 
student@student-VirtualBox:~$ hdfs dfs -ls /user/hdfs
Found 1 items
-rw-r--r--   1 student supergroup   23304590 2019-10-13 19:10 /user/hdfs/klse-main-market-stock-rhbtradesmart-topvolume-data.csv
student@student-VirtualBox:~$ hdfs dfs -rm /user/hdfs/klse-main-market-stock-rhbtradesmart-topvolume-data.csv
19/10/13 19:55:02 INFO fs.TrashPolicyDefault: Namenode trash configuration: Deletion interval = 0 minutes, Emptier interval = 0 minutes.
Deleted /user/hdfs/klse-main-market-stock-rhbtradesmart-topvolume-data.csv
student@student-VirtualBox:~$ hdfs dfs -ls /user/hdfs
student@student-VirtualBox:~$ hdfs dfs -put /home/student/Downloads/klse-main-market-stock-rhbtradesmart-topvolume-data.csv /user/hdfs
student@student-VirtualBox:~$ hdfs dfs -ls /user/hdfs
Found 1 items
-rw-r--r--   1 student supergroup     178987 2019-10-13 19:55 /user/hdfs/klse-main-market-stock-rhbtradesmart-topvolume-data.csv
student@student-VirtualBox:~$ hive

Logging initialized using configuration in jar:file:/home/WQD7007/hive/lib/hive-common-1.2.2.jar!/hive-log4j.properties
hive> CREATE EXTERNAL TABLE IF NOT EXISTS klse (Attributes,High,Low,Adj Close)
    > row format delimited
    > fields terminated by ','
    > stored as textfile
    > location '/user/hdfs'
    > tblproperties ("skip.header.line.count" = "2");
NoViableAltException(10@[])
	at org.apache.hadoop.hive.ql.parse.HiveParser.type(HiveParser.java:38685)
	at org.apache.hadoop.hive.ql.parse.HiveParser.colType(HiveParser.java:38442)
	at org.apache.hadoop.hive.ql.parse.HiveParser.columnNameType(HiveParser.java:38126)
	at org.apache.hadoop.hive.ql.parse.HiveParser.columnNameTypeList(HiveParser.java:36250)
	at org.apache.hadoop.hive.ql.parse.HiveParser.createTableStatement(HiveParser.java:5217)
	at org.apache.hadoop.hive.ql.parse.HiveParser.ddlStatement(HiveParser.java:2643)
	at org.apache.hadoop.hive.ql.parse.HiveParser.execStatement(HiveParser.java:1653)
	at org.apache.hadoop.hive.ql.parse.HiveParser.statement(HiveParser.java:1112)
	at org.apache.hadoop.hive.ql.parse.ParseDriver.parse(ParseDriver.java:202)
	at org.apache.hadoop.hive.ql.parse.ParseDriver.parse(ParseDriver.java:166)
	at org.apache.hadoop.hive.ql.Driver.compile(Driver.java:397)
	at org.apache.hadoop.hive.ql.Driver.compile(Driver.java:309)
	at org.apache.hadoop.hive.ql.Driver.compileInternal(Driver.java:1145)
	at org.apache.hadoop.hive.ql.Driver.runInternal(Driver.java:1193)
	at org.apache.hadoop.hive.ql.Driver.run(Driver.java:1082)
	at org.apache.hadoop.hive.ql.Driver.run(Driver.java:1072)
	at org.apache.hadoop.hive.cli.CliDriver.processLocalCmd(CliDriver.java:213)
	at org.apache.hadoop.hive.cli.CliDriver.processCmd(CliDriver.java:165)
	at org.apache.hadoop.hive.cli.CliDriver.processLine(CliDriver.java:376)
	at org.apache.hadoop.hive.cli.CliDriver.executeDriver(CliDriver.java:736)
	at org.apache.hadoop.hive.cli.CliDriver.run(CliDriver.java:681)
	at org.apache.hadoop.hive.cli.CliDriver.main(CliDriver.java:621)
	at sun.reflect.NativeMethodAccessorImpl.invoke0(Native Method)
	at sun.reflect.NativeMethodAccessorImpl.invoke(NativeMethodAccessorImpl.java:62)
	at sun.reflect.DelegatingMethodAccessorImpl.invoke(DelegatingMethodAccessorImpl.java:43)
	at java.lang.reflect.Method.invoke(Method.java:498)
	at org.apache.hadoop.util.RunJar.run(RunJar.java:226)
	at org.apache.hadoop.util.RunJar.main(RunJar.java:141)
FAILED: ParseException line 1:52 cannot recognize input near ',' 'High' ',' in column type
hive> CREATE EXTERNAL TABLE IF NOT EXISTS klse (Attributes, High, Low, Adj Close)
    > row format delimited
    > fields terminated by ','
    > stored as textfile
    > location '/user/hdfs'
    > tblproperties ("skip.header.line.count" = "2");
NoViableAltException(10@[])
	at org.apache.hadoop.hive.ql.parse.HiveParser.type(HiveParser.java:38685)
	at org.apache.hadoop.hive.ql.parse.HiveParser.colType(HiveParser.java:38442)
	at org.apache.hadoop.hive.ql.parse.HiveParser.columnNameType(HiveParser.java:38126)
	at org.apache.hadoop.hive.ql.parse.HiveParser.columnNameTypeList(HiveParser.java:36250)
	at org.apache.hadoop.hive.ql.parse.HiveParser.createTableStatement(HiveParser.java:5217)
	at org.apache.hadoop.hive.ql.parse.HiveParser.ddlStatement(HiveParser.java:2643)
	at org.apache.hadoop.hive.ql.parse.HiveParser.execStatement(HiveParser.java:1653)
	at org.apache.hadoop.hive.ql.parse.HiveParser.statement(HiveParser.java:1112)
	at org.apache.hadoop.hive.ql.parse.ParseDriver.parse(ParseDriver.java:202)
	at org.apache.hadoop.hive.ql.parse.ParseDriver.parse(ParseDriver.java:166)
	at org.apache.hadoop.hive.ql.Driver.compile(Driver.java:397)
	at org.apache.hadoop.hive.ql.Driver.compile(Driver.java:309)
	at org.apache.hadoop.hive.ql.Driver.compileInternal(Driver.java:1145)
	at org.apache.hadoop.hive.ql.Driver.runInternal(Driver.java:1193)
	at org.apache.hadoop.hive.ql.Driver.run(Driver.java:1082)
	at org.apache.hadoop.hive.ql.Driver.run(Driver.java:1072)
	at org.apache.hadoop.hive.cli.CliDriver.processLocalCmd(CliDriver.java:213)
	at org.apache.hadoop.hive.cli.CliDriver.processCmd(CliDriver.java:165)
	at org.apache.hadoop.hive.cli.CliDriver.processLine(CliDriver.java:376)
	at org.apache.hadoop.hive.cli.CliDriver.executeDriver(CliDriver.java:736)
	at org.apache.hadoop.hive.cli.CliDriver.run(CliDriver.java:681)
	at org.apache.hadoop.hive.cli.CliDriver.main(CliDriver.java:621)
	at sun.reflect.NativeMethodAccessorImpl.invoke0(Native Method)
	at sun.reflect.NativeMethodAccessorImpl.invoke(NativeMethodAccessorImpl.java:62)
	at sun.reflect.DelegatingMethodAccessorImpl.invoke(DelegatingMethodAccessorImpl.java:43)
	at java.lang.reflect.Method.invoke(Method.java:498)
	at org.apache.hadoop.util.RunJar.run(RunJar.java:226)
	at org.apache.hadoop.util.RunJar.main(RunJar.java:141)
FAILED: ParseException line 1:52 cannot recognize input near ',' 'High' ',' in column type
hive> CREATE EXTERNAL TABLE IF NOT EXISTS klse (Attributes,High,Low,Adj Close)
    > row format delimited
    > fields terminated by ' '
    > stored as textfile
    > location '/user/hdfs'
    > tblproperties ("skip.header.line.count" = "2");
NoViableAltException(10@[])
	at org.apache.hadoop.hive.ql.parse.HiveParser.type(HiveParser.java:38685)
	at org.apache.hadoop.hive.ql.parse.HiveParser.colType(HiveParser.java:38442)
	at org.apache.hadoop.hive.ql.parse.HiveParser.columnNameType(HiveParser.java:38126)
	at org.apache.hadoop.hive.ql.parse.HiveParser.columnNameTypeList(HiveParser.java:36250)
	at org.apache.hadoop.hive.ql.parse.HiveParser.createTableStatement(HiveParser.java:5217)
	at org.apache.hadoop.hive.ql.parse.HiveParser.ddlStatement(HiveParser.java:2643)
	at org.apache.hadoop.hive.ql.parse.HiveParser.execStatement(HiveParser.java:1653)
	at org.apache.hadoop.hive.ql.parse.HiveParser.statement(HiveParser.java:1112)
	at org.apache.hadoop.hive.ql.parse.ParseDriver.parse(ParseDriver.java:202)
	at org.apache.hadoop.hive.ql.parse.ParseDriver.parse(ParseDriver.java:166)
	at org.apache.hadoop.hive.ql.Driver.compile(Driver.java:397)
	at org.apache.hadoop.hive.ql.Driver.compile(Driver.java:309)
	at org.apache.hadoop.hive.ql.Driver.compileInternal(Driver.java:1145)
	at org.apache.hadoop.hive.ql.Driver.runInternal(Driver.java:1193)
	at org.apache.hadoop.hive.ql.Driver.run(Driver.java:1082)
	at org.apache.hadoop.hive.ql.Driver.run(Driver.java:1072)
	at org.apache.hadoop.hive.cli.CliDriver.processLocalCmd(CliDriver.java:213)
	at org.apache.hadoop.hive.cli.CliDriver.processCmd(CliDriver.java:165)
	at org.apache.hadoop.hive.cli.CliDriver.processLine(CliDriver.java:376)
	at org.apache.hadoop.hive.cli.CliDriver.executeDriver(CliDriver.java:736)
	at org.apache.hadoop.hive.cli.CliDriver.run(CliDriver.java:681)
	at org.apache.hadoop.hive.cli.CliDriver.main(CliDriver.java:621)
	at sun.reflect.NativeMethodAccessorImpl.invoke0(Native Method)
	at sun.reflect.NativeMethodAccessorImpl.invoke(NativeMethodAccessorImpl.java:62)
	at sun.reflect.DelegatingMethodAccessorImpl.invoke(DelegatingMethodAccessorImpl.java:43)
	at java.lang.reflect.Method.invoke(Method.java:498)
	at org.apache.hadoop.util.RunJar.run(RunJar.java:226)
	at org.apache.hadoop.util.RunJar.main(RunJar.java:141)
FAILED: ParseException line 1:52 cannot recognize input near ',' 'High' ',' in column type
hive> CREATE EXTERNAL TABLE IF NOT EXISTS klse (Attributes string, High string ,Low string ,Adj Close string)
    > row format delimited
    > fields terminated by ','
    > location '/user/hdfs'
    > tblproperties ("skip.header.line.count" = "2");
NoViableAltException(26@[])
	at org.apache.hadoop.hive.ql.parse.HiveParser.type(HiveParser.java:38685)
	at org.apache.hadoop.hive.ql.parse.HiveParser.colType(HiveParser.java:38442)
	at org.apache.hadoop.hive.ql.parse.HiveParser.columnNameType(HiveParser.java:38126)
	at org.apache.hadoop.hive.ql.parse.HiveParser.columnNameTypeList(HiveParser.java:36278)
	at org.apache.hadoop.hive.ql.parse.HiveParser.createTableStatement(HiveParser.java:5217)
	at org.apache.hadoop.hive.ql.parse.HiveParser.ddlStatement(HiveParser.java:2643)
	at org.apache.hadoop.hive.ql.parse.HiveParser.execStatement(HiveParser.java:1653)
	at org.apache.hadoop.hive.ql.parse.HiveParser.statement(HiveParser.java:1112)
	at org.apache.hadoop.hive.ql.parse.ParseDriver.parse(ParseDriver.java:202)
	at org.apache.hadoop.hive.ql.parse.ParseDriver.parse(ParseDriver.java:166)
	at org.apache.hadoop.hive.ql.Driver.compile(Driver.java:397)
	at org.apache.hadoop.hive.ql.Driver.compile(Driver.java:309)
	at org.apache.hadoop.hive.ql.Driver.compileInternal(Driver.java:1145)
	at org.apache.hadoop.hive.ql.Driver.runInternal(Driver.java:1193)
	at org.apache.hadoop.hive.ql.Driver.run(Driver.java:1082)
	at org.apache.hadoop.hive.ql.Driver.run(Driver.java:1072)
	at org.apache.hadoop.hive.cli.CliDriver.processLocalCmd(CliDriver.java:213)
	at org.apache.hadoop.hive.cli.CliDriver.processCmd(CliDriver.java:165)
	at org.apache.hadoop.hive.cli.CliDriver.processLine(CliDriver.java:376)
	at org.apache.hadoop.hive.cli.CliDriver.executeDriver(CliDriver.java:736)
	at org.apache.hadoop.hive.cli.CliDriver.run(CliDriver.java:681)
	at org.apache.hadoop.hive.cli.CliDriver.main(CliDriver.java:621)
	at sun.reflect.NativeMethodAccessorImpl.invoke0(Native Method)
	at sun.reflect.NativeMethodAccessorImpl.invoke(NativeMethodAccessorImpl.java:62)
	at sun.reflect.DelegatingMethodAccessorImpl.invoke(DelegatingMethodAccessorImpl.java:43)
	at java.lang.reflect.Method.invoke(Method.java:498)
	at org.apache.hadoop.util.RunJar.run(RunJar.java:226)
	at org.apache.hadoop.util.RunJar.main(RunJar.java:141)
FAILED: ParseException line 1:90 cannot recognize input near 'Close' 'string' ')' in column type
hive> CREATE EXTERNAL TABLE IF NOT EXISTS klse (Attributes string, High string ,Low string ,Adj Close string)
    > row format delimited
    > fields terminated by ','
    > location '/user/hdfs'
    > tblproperties ("skip.header.line.count" = "1");
NoViableAltException(26@[])
	at org.apache.hadoop.hive.ql.parse.HiveParser.type(HiveParser.java:38685)
	at org.apache.hadoop.hive.ql.parse.HiveParser.colType(HiveParser.java:38442)
	at org.apache.hadoop.hive.ql.parse.HiveParser.columnNameType(HiveParser.java:38126)
	at org.apache.hadoop.hive.ql.parse.HiveParser.columnNameTypeList(HiveParser.java:36278)
	at org.apache.hadoop.hive.ql.parse.HiveParser.createTableStatement(HiveParser.java:5217)
	at org.apache.hadoop.hive.ql.parse.HiveParser.ddlStatement(HiveParser.java:2643)
	at org.apache.hadoop.hive.ql.parse.HiveParser.execStatement(HiveParser.java:1653)
	at org.apache.hadoop.hive.ql.parse.HiveParser.statement(HiveParser.java:1112)
	at org.apache.hadoop.hive.ql.parse.ParseDriver.parse(ParseDriver.java:202)
	at org.apache.hadoop.hive.ql.parse.ParseDriver.parse(ParseDriver.java:166)
	at org.apache.hadoop.hive.ql.Driver.compile(Driver.java:397)
	at org.apache.hadoop.hive.ql.Driver.compile(Driver.java:309)
	at org.apache.hadoop.hive.ql.Driver.compileInternal(Driver.java:1145)
	at org.apache.hadoop.hive.ql.Driver.runInternal(Driver.java:1193)
	at org.apache.hadoop.hive.ql.Driver.run(Driver.java:1082)
	at org.apache.hadoop.hive.ql.Driver.run(Driver.java:1072)
	at org.apache.hadoop.hive.cli.CliDriver.processLocalCmd(CliDriver.java:213)
	at org.apache.hadoop.hive.cli.CliDriver.processCmd(CliDriver.java:165)
	at org.apache.hadoop.hive.cli.CliDriver.processLine(CliDriver.java:376)
	at org.apache.hadoop.hive.cli.CliDriver.executeDriver(CliDriver.java:736)
	at org.apache.hadoop.hive.cli.CliDriver.run(CliDriver.java:681)
	at org.apache.hadoop.hive.cli.CliDriver.main(CliDriver.java:621)
	at sun.reflect.NativeMethodAccessorImpl.invoke0(Native Method)
	at sun.reflect.NativeMethodAccessorImpl.invoke(NativeMethodAccessorImpl.java:62)
	at sun.reflect.DelegatingMethodAccessorImpl.invoke(DelegatingMethodAccessorImpl.java:43)
	at java.lang.reflect.Method.invoke(Method.java:498)
	at org.apache.hadoop.util.RunJar.run(RunJar.java:226)
	at org.apache.hadoop.util.RunJar.main(RunJar.java:141)
FAILED: ParseException line 1:90 cannot recognize input near 'Close' 'string' ')' in column type
hive> CREATE EXTERNAL TABLE IF NOT EXISTS klse (Attributes string, High string ,Low string ,Adj Close string)
    > exit
    > ;
NoViableAltException(26@[])
	at org.apache.hadoop.hive.ql.parse.HiveParser.type(HiveParser.java:38685)
	at org.apache.hadoop.hive.ql.parse.HiveParser.colType(HiveParser.java:38442)
	at org.apache.hadoop.hive.ql.parse.HiveParser.columnNameType(HiveParser.java:38126)
	at org.apache.hadoop.hive.ql.parse.HiveParser.columnNameTypeList(HiveParser.java:36278)
	at org.apache.hadoop.hive.ql.parse.HiveParser.createTableStatement(HiveParser.java:5217)
	at org.apache.hadoop.hive.ql.parse.HiveParser.ddlStatement(HiveParser.java:2643)
	at org.apache.hadoop.hive.ql.parse.HiveParser.execStatement(HiveParser.java:1653)
	at org.apache.hadoop.hive.ql.parse.HiveParser.statement(HiveParser.java:1112)
	at org.apache.hadoop.hive.ql.parse.ParseDriver.parse(ParseDriver.java:202)
	at org.apache.hadoop.hive.ql.parse.ParseDriver.parse(ParseDriver.java:166)
	at org.apache.hadoop.hive.ql.Driver.compile(Driver.java:397)
	at org.apache.hadoop.hive.ql.Driver.compile(Driver.java:309)
	at org.apache.hadoop.hive.ql.Driver.compileInternal(Driver.java:1145)
	at org.apache.hadoop.hive.ql.Driver.runInternal(Driver.java:1193)
	at org.apache.hadoop.hive.ql.Driver.run(Driver.java:1082)
	at org.apache.hadoop.hive.ql.Driver.run(Driver.java:1072)
	at org.apache.hadoop.hive.cli.CliDriver.processLocalCmd(CliDriver.java:213)
	at org.apache.hadoop.hive.cli.CliDriver.processCmd(CliDriver.java:165)
	at org.apache.hadoop.hive.cli.CliDriver.processLine(CliDriver.java:376)
	at org.apache.hadoop.hive.cli.CliDriver.executeDriver(CliDriver.java:736)
	at org.apache.hadoop.hive.cli.CliDriver.run(CliDriver.java:681)
	at org.apache.hadoop.hive.cli.CliDriver.main(CliDriver.java:621)
	at sun.reflect.NativeMethodAccessorImpl.invoke0(Native Method)
	at sun.reflect.NativeMethodAccessorImpl.invoke(NativeMethodAccessorImpl.java:62)
	at sun.reflect.DelegatingMethodAccessorImpl.invoke(DelegatingMethodAccessorImpl.java:43)
	at java.lang.reflect.Method.invoke(Method.java:498)
	at org.apache.hadoop.util.RunJar.run(RunJar.java:226)
	at org.apache.hadoop.util.RunJar.main(RunJar.java:141)
FAILED: ParseException line 1:90 cannot recognize input near 'Close' 'string' ')' in column type
hive> exit;
student@student-VirtualBox:~$ hdfs dfs -put /home/student/Downloads/klse.csv /user/hdfs
student@student-VirtualBox:~$ hdfs dfs -ls /user/hdfs
Found 2 items
-rw-r--r--   1 student supergroup     178987 2019-10-13 19:55 /user/hdfs/klse-main-market-stock-rhbtradesmart-topvolume-data.csv
-rw-r--r--   1 student supergroup     176549 2019-10-13 20:22 /user/hdfs/klse.csv
student@student-VirtualBox:~$ hdfs dfs -rm /user/hdfs/klse-main-market-stock-rhbtradesmart-topvolume-data.csv
19/10/13 20:23:06 INFO fs.TrashPolicyDefault: Namenode trash configuration: Deletion interval = 0 minutes, Emptier interval = 0 minutes.
Deleted /user/hdfs/klse-main-market-stock-rhbtradesmart-topvolume-data.csv
student@student-VirtualBox:~$ hdfs dfs -ls /user/hdfs
Found 1 items
-rw-r--r--   1 student supergroup     176549 2019-10-13 20:22 /user/hdfs/klse.csv
student@student-VirtualBox:~$ hive

Logging initialized using configuration in jar:file:/home/WQD7007/hive/lib/hive-common-1.2.2.jar!/hive-log4j.properties
hive> CREATE EXTERNAL TABLE IF NOT EXISTS klse (Dates, High, Low, Adj)
    > row format delimited
    > fields terminated by ","
    > location '/user/hdfs'
    > tblproperties ("skip.header.line.count" = "1");
NoViableAltException(10@[])
	at org.apache.hadoop.hive.ql.parse.HiveParser.type(HiveParser.java:38685)
	at org.apache.hadoop.hive.ql.parse.HiveParser.colType(HiveParser.java:38442)
	at org.apache.hadoop.hive.ql.parse.HiveParser.columnNameType(HiveParser.java:38126)
	at org.apache.hadoop.hive.ql.parse.HiveParser.columnNameTypeList(HiveParser.java:36250)
	at org.apache.hadoop.hive.ql.parse.HiveParser.createTableStatement(HiveParser.java:5217)
	at org.apache.hadoop.hive.ql.parse.HiveParser.ddlStatement(HiveParser.java:2643)
	at org.apache.hadoop.hive.ql.parse.HiveParser.execStatement(HiveParser.java:1653)
	at org.apache.hadoop.hive.ql.parse.HiveParser.statement(HiveParser.java:1112)
	at org.apache.hadoop.hive.ql.parse.ParseDriver.parse(ParseDriver.java:202)
	at org.apache.hadoop.hive.ql.parse.ParseDriver.parse(ParseDriver.java:166)
	at org.apache.hadoop.hive.ql.Driver.compile(Driver.java:397)
	at org.apache.hadoop.hive.ql.Driver.compile(Driver.java:309)
	at org.apache.hadoop.hive.ql.Driver.compileInternal(Driver.java:1145)
	at org.apache.hadoop.hive.ql.Driver.runInternal(Driver.java:1193)
	at org.apache.hadoop.hive.ql.Driver.run(Driver.java:1082)
	at org.apache.hadoop.hive.ql.Driver.run(Driver.java:1072)
	at org.apache.hadoop.hive.cli.CliDriver.processLocalCmd(CliDriver.java:213)
	at org.apache.hadoop.hive.cli.CliDriver.processCmd(CliDriver.java:165)
	at org.apache.hadoop.hive.cli.CliDriver.processLine(CliDriver.java:376)
	at org.apache.hadoop.hive.cli.CliDriver.executeDriver(CliDriver.java:736)
	at org.apache.hadoop.hive.cli.CliDriver.run(CliDriver.java:681)
	at org.apache.hadoop.hive.cli.CliDriver.main(CliDriver.java:621)
	at sun.reflect.NativeMethodAccessorImpl.invoke0(Native Method)
	at sun.reflect.NativeMethodAccessorImpl.invoke(NativeMethodAccessorImpl.java:62)
	at sun.reflect.DelegatingMethodAccessorImpl.invoke(DelegatingMethodAccessorImpl.java:43)
	at java.lang.reflect.Method.invoke(Method.java:498)
	at org.apache.hadoop.util.RunJar.run(RunJar.java:226)
	at org.apache.hadoop.util.RunJar.main(RunJar.java:141)
FAILED: ParseException line 1:47 cannot recognize input near ',' 'High' ',' in column type
hive> CREATE EXTERNAL TABLE IF NOT EXISTS klse (Dates, High, Low, Adj)
    > row format delimited
    > fields terminated by ","
    > tblproperties ("skip.header.line.count" = "1");
NoViableAltException(10@[])
	at org.apache.hadoop.hive.ql.parse.HiveParser.type(HiveParser.java:38685)
	at org.apache.hadoop.hive.ql.parse.HiveParser.colType(HiveParser.java:38442)
	at org.apache.hadoop.hive.ql.parse.HiveParser.columnNameType(HiveParser.java:38126)
	at org.apache.hadoop.hive.ql.parse.HiveParser.columnNameTypeList(HiveParser.java:36250)
	at org.apache.hadoop.hive.ql.parse.HiveParser.createTableStatement(HiveParser.java:5217)
	at org.apache.hadoop.hive.ql.parse.HiveParser.ddlStatement(HiveParser.java:2643)
	at org.apache.hadoop.hive.ql.parse.HiveParser.execStatement(HiveParser.java:1653)
	at org.apache.hadoop.hive.ql.parse.HiveParser.statement(HiveParser.java:1112)
	at org.apache.hadoop.hive.ql.parse.ParseDriver.parse(ParseDriver.java:202)
	at org.apache.hadoop.hive.ql.parse.ParseDriver.parse(ParseDriver.java:166)
	at org.apache.hadoop.hive.ql.Driver.compile(Driver.java:397)
	at org.apache.hadoop.hive.ql.Driver.compile(Driver.java:309)
	at org.apache.hadoop.hive.ql.Driver.compileInternal(Driver.java:1145)
	at org.apache.hadoop.hive.ql.Driver.runInternal(Driver.java:1193)
	at org.apache.hadoop.hive.ql.Driver.run(Driver.java:1082)
	at org.apache.hadoop.hive.ql.Driver.run(Driver.java:1072)
	at org.apache.hadoop.hive.cli.CliDriver.processLocalCmd(CliDriver.java:213)
	at org.apache.hadoop.hive.cli.CliDriver.processCmd(CliDriver.java:165)
	at org.apache.hadoop.hive.cli.CliDriver.processLine(CliDriver.java:376)
	at org.apache.hadoop.hive.cli.CliDriver.executeDriver(CliDriver.java:736)
	at org.apache.hadoop.hive.cli.CliDriver.run(CliDriver.java:681)
	at org.apache.hadoop.hive.cli.CliDriver.main(CliDriver.java:621)
	at sun.reflect.NativeMethodAccessorImpl.invoke0(Native Method)
	at sun.reflect.NativeMethodAccessorImpl.invoke(NativeMethodAccessorImpl.java:62)
	at sun.reflect.DelegatingMethodAccessorImpl.invoke(DelegatingMethodAccessorImpl.java:43)
	at java.lang.reflect.Method.invoke(Method.java:498)
	at org.apache.hadoop.util.RunJar.run(RunJar.java:226)
	at org.apache.hadoop.util.RunJar.main(RunJar.java:141)
FAILED: ParseException line 1:47 cannot recognize input near ',' 'High' ',' in column type
hive> CREATE EXTERNAL TABLE IF NOT EXISTS klse (Dates, High, Low, Adj)
    > 
    > ;
NoViableAltException(10@[])
	at org.apache.hadoop.hive.ql.parse.HiveParser.type(HiveParser.java:38685)
	at org.apache.hadoop.hive.ql.parse.HiveParser.colType(HiveParser.java:38442)
	at org.apache.hadoop.hive.ql.parse.HiveParser.columnNameType(HiveParser.java:38126)
	at org.apache.hadoop.hive.ql.parse.HiveParser.columnNameTypeList(HiveParser.java:36250)
	at org.apache.hadoop.hive.ql.parse.HiveParser.createTableStatement(HiveParser.java:5217)
	at org.apache.hadoop.hive.ql.parse.HiveParser.ddlStatement(HiveParser.java:2643)
	at org.apache.hadoop.hive.ql.parse.HiveParser.execStatement(HiveParser.java:1653)
	at org.apache.hadoop.hive.ql.parse.HiveParser.statement(HiveParser.java:1112)
	at org.apache.hadoop.hive.ql.parse.ParseDriver.parse(ParseDriver.java:202)
	at org.apache.hadoop.hive.ql.parse.ParseDriver.parse(ParseDriver.java:166)
	at org.apache.hadoop.hive.ql.Driver.compile(Driver.java:397)
	at org.apache.hadoop.hive.ql.Driver.compile(Driver.java:309)
	at org.apache.hadoop.hive.ql.Driver.compileInternal(Driver.java:1145)
	at org.apache.hadoop.hive.ql.Driver.runInternal(Driver.java:1193)
	at org.apache.hadoop.hive.ql.Driver.run(Driver.java:1082)
	at org.apache.hadoop.hive.ql.Driver.run(Driver.java:1072)
	at org.apache.hadoop.hive.cli.CliDriver.processLocalCmd(CliDriver.java:213)
	at org.apache.hadoop.hive.cli.CliDriver.processCmd(CliDriver.java:165)
	at org.apache.hadoop.hive.cli.CliDriver.processLine(CliDriver.java:376)
	at org.apache.hadoop.hive.cli.CliDriver.executeDriver(CliDriver.java:736)
	at org.apache.hadoop.hive.cli.CliDriver.run(CliDriver.java:681)
	at org.apache.hadoop.hive.cli.CliDriver.main(CliDriver.java:621)
	at sun.reflect.NativeMethodAccessorImpl.invoke0(Native Method)
	at sun.reflect.NativeMethodAccessorImpl.invoke(NativeMethodAccessorImpl.java:62)
	at sun.reflect.DelegatingMethodAccessorImpl.invoke(DelegatingMethodAccessorImpl.java:43)
	at java.lang.reflect.Method.invoke(Method.java:498)
	at org.apache.hadoop.util.RunJar.run(RunJar.java:226)
	at org.apache.hadoop.util.RunJar.main(RunJar.java:141)
FAILED: ParseException line 1:47 cannot recognize input near ',' 'High' ',' in column type
hive> CREATE EXTERNAL TABLE IF NOT EXISTS klse (Date, High, High, Low, Adj, Adj) 
    > row format delimited
    > fields terminated by ","
    > location '/user/hdfs'
    > tblproperties ("skip.header.line.count" = "1");
FailedPredicateException(identifier,{useSQL11ReservedKeywordsForIdentifier()}?)
	at org.apache.hadoop.hive.ql.parse.HiveParser_IdentifiersParser.identifier(HiveParser_IdentifiersParser.java:10924)
	at org.apache.hadoop.hive.ql.parse.HiveParser.identifier(HiveParser.java:45918)
	at org.apache.hadoop.hive.ql.parse.HiveParser.columnNameType(HiveParser.java:38119)
	at org.apache.hadoop.hive.ql.parse.HiveParser.columnNameTypeList(HiveParser.java:36250)
	at org.apache.hadoop.hive.ql.parse.HiveParser.createTableStatement(HiveParser.java:5217)
	at org.apache.hadoop.hive.ql.parse.HiveParser.ddlStatement(HiveParser.java:2643)
	at org.apache.hadoop.hive.ql.parse.HiveParser.execStatement(HiveParser.java:1653)
	at org.apache.hadoop.hive.ql.parse.HiveParser.statement(HiveParser.java:1112)
	at org.apache.hadoop.hive.ql.parse.ParseDriver.parse(ParseDriver.java:202)
	at org.apache.hadoop.hive.ql.parse.ParseDriver.parse(ParseDriver.java:166)
	at org.apache.hadoop.hive.ql.Driver.compile(Driver.java:397)
	at org.apache.hadoop.hive.ql.Driver.compile(Driver.java:309)
	at org.apache.hadoop.hive.ql.Driver.compileInternal(Driver.java:1145)
	at org.apache.hadoop.hive.ql.Driver.runInternal(Driver.java:1193)
	at org.apache.hadoop.hive.ql.Driver.run(Driver.java:1082)
	at org.apache.hadoop.hive.ql.Driver.run(Driver.java:1072)
	at org.apache.hadoop.hive.cli.CliDriver.processLocalCmd(CliDriver.java:213)
	at org.apache.hadoop.hive.cli.CliDriver.processCmd(CliDriver.java:165)
	at org.apache.hadoop.hive.cli.CliDriver.processLine(CliDriver.java:376)
	at org.apache.hadoop.hive.cli.CliDriver.executeDriver(CliDriver.java:736)
	at org.apache.hadoop.hive.cli.CliDriver.run(CliDriver.java:681)
	at org.apache.hadoop.hive.cli.CliDriver.main(CliDriver.java:621)
	at sun.reflect.NativeMethodAccessorImpl.invoke0(Native Method)
	at sun.reflect.NativeMethodAccessorImpl.invoke(NativeMethodAccessorImpl.java:62)
	at sun.reflect.DelegatingMethodAccessorImpl.invoke(DelegatingMethodAccessorImpl.java:43)
	at java.lang.reflect.Method.invoke(Method.java:498)
	at org.apache.hadoop.util.RunJar.run(RunJar.java:226)
	at org.apache.hadoop.util.RunJar.main(RunJar.java:141)
FAILED: ParseException line 1:42 Failed to recognize predicate 'Date'. Failed rule: 'identifier' in column specification
hive> exit;
student@student-VirtualBox:~$ hdfs dfs -put /home/student/Downloads/klse 2.csv /user/hdfs
put: `/home/student/Downloads/klse': No such file or directory
put: `2.csv': No such file or directory
student@student-VirtualBox:~$ hdfs dfs -put /home/student/Downloads/klse2.csv /user/hdfs
student@student-VirtualBox:~$ hdfs dfs -ls /user/hdfs
Found 2 items
-rw-r--r--   1 student supergroup     176549 2019-10-13 20:22 /user/hdfs/klse.csv
-rw-r--r--   1 student supergroup     152626 2019-10-13 20:32 /user/hdfs/klse2.csv
student@student-VirtualBox:~$ hdfs dfs -rm /user/hdfs/klse.csv
19/10/13 20:33:19 INFO fs.TrashPolicyDefault: Namenode trash configuration: Deletion interval = 0 minutes, Emptier interval = 0 minutes.
Deleted /user/hdfs/klse.csv
student@student-VirtualBox:~$ hdfs dfs -ls /user/hdfs
Found 1 items
-rw-r--r--   1 student supergroup     152626 2019-10-13 20:32 /user/hdfs/klse2.csv
student@student-VirtualBox:~$ hive

Logging initialized using configuration in jar:file:/home/WQD7007/hive/lib/hive-common-1.2.2.jar!/hive-log4j.properties
hive> CREATE EXTERNAL TABLE IF NOT EXISTS klse (Date, High, High, Low, Adj, Adj) 
    > 
    > row format delimited
    > fields terminated by ","
    > ;
FailedPredicateException(identifier,{useSQL11ReservedKeywordsForIdentifier()}?)
	at org.apache.hadoop.hive.ql.parse.HiveParser_IdentifiersParser.identifier(HiveParser_IdentifiersParser.java:10924)
	at org.apache.hadoop.hive.ql.parse.HiveParser.identifier(HiveParser.java:45918)
	at org.apache.hadoop.hive.ql.parse.HiveParser.columnNameType(HiveParser.java:38119)
	at org.apache.hadoop.hive.ql.parse.HiveParser.columnNameTypeList(HiveParser.java:36250)
	at org.apache.hadoop.hive.ql.parse.HiveParser.createTableStatement(HiveParser.java:5217)
	at org.apache.hadoop.hive.ql.parse.HiveParser.ddlStatement(HiveParser.java:2643)
	at org.apache.hadoop.hive.ql.parse.HiveParser.execStatement(HiveParser.java:1653)
	at org.apache.hadoop.hive.ql.parse.HiveParser.statement(HiveParser.java:1112)
	at org.apache.hadoop.hive.ql.parse.ParseDriver.parse(ParseDriver.java:202)
	at org.apache.hadoop.hive.ql.parse.ParseDriver.parse(ParseDriver.java:166)
	at org.apache.hadoop.hive.ql.Driver.compile(Driver.java:397)
	at org.apache.hadoop.hive.ql.Driver.compile(Driver.java:309)
	at org.apache.hadoop.hive.ql.Driver.compileInternal(Driver.java:1145)
	at org.apache.hadoop.hive.ql.Driver.runInternal(Driver.java:1193)
	at org.apache.hadoop.hive.ql.Driver.run(Driver.java:1082)
	at org.apache.hadoop.hive.ql.Driver.run(Driver.java:1072)
	at org.apache.hadoop.hive.cli.CliDriver.processLocalCmd(CliDriver.java:213)
	at org.apache.hadoop.hive.cli.CliDriver.processCmd(CliDriver.java:165)
	at org.apache.hadoop.hive.cli.CliDriver.processLine(CliDriver.java:376)
	at org.apache.hadoop.hive.cli.CliDriver.executeDriver(CliDriver.java:736)
	at org.apache.hadoop.hive.cli.CliDriver.run(CliDriver.java:681)
	at org.apache.hadoop.hive.cli.CliDriver.main(CliDriver.java:621)
	at sun.reflect.NativeMethodAccessorImpl.invoke0(Native Method)
	at sun.reflect.NativeMethodAccessorImpl.invoke(NativeMethodAccessorImpl.java:62)
	at sun.reflect.DelegatingMethodAccessorImpl.invoke(DelegatingMethodAccessorImpl.java:43)
	at java.lang.reflect.Method.invoke(Method.java:498)
	at org.apache.hadoop.util.RunJar.run(RunJar.java:226)
	at org.apache.hadoop.util.RunJar.main(RunJar.java:141)
FAILED: ParseException line 1:42 Failed to recognize predicate 'Date'. Failed rule: 'identifier' in column specification
hive> CREATE EXTERNAL TABLE IF NOT EXISTS klse (High, High, Low, Adj, Adj)
    > fields terminated by ","
    > ;
NoViableAltException(10@[])
	at org.apache.hadoop.hive.ql.parse.HiveParser.type(HiveParser.java:38685)
	at org.apache.hadoop.hive.ql.parse.HiveParser.colType(HiveParser.java:38442)
	at org.apache.hadoop.hive.ql.parse.HiveParser.columnNameType(HiveParser.java:38126)
	at org.apache.hadoop.hive.ql.parse.HiveParser.columnNameTypeList(HiveParser.java:36250)
	at org.apache.hadoop.hive.ql.parse.HiveParser.createTableStatement(HiveParser.java:5217)
	at org.apache.hadoop.hive.ql.parse.HiveParser.ddlStatement(HiveParser.java:2643)
	at org.apache.hadoop.hive.ql.parse.HiveParser.execStatement(HiveParser.java:1653)
	at org.apache.hadoop.hive.ql.parse.HiveParser.statement(HiveParser.java:1112)
	at org.apache.hadoop.hive.ql.parse.ParseDriver.parse(ParseDriver.java:202)
	at org.apache.hadoop.hive.ql.parse.ParseDriver.parse(ParseDriver.java:166)
	at org.apache.hadoop.hive.ql.Driver.compile(Driver.java:397)
	at org.apache.hadoop.hive.ql.Driver.compile(Driver.java:309)
	at org.apache.hadoop.hive.ql.Driver.compileInternal(Driver.java:1145)
	at org.apache.hadoop.hive.ql.Driver.runInternal(Driver.java:1193)
	at org.apache.hadoop.hive.ql.Driver.run(Driver.java:1082)
	at org.apache.hadoop.hive.ql.Driver.run(Driver.java:1072)
	at org.apache.hadoop.hive.cli.CliDriver.processLocalCmd(CliDriver.java:213)
	at org.apache.hadoop.hive.cli.CliDriver.processCmd(CliDriver.java:165)
	at org.apache.hadoop.hive.cli.CliDriver.processLine(CliDriver.java:376)
	at org.apache.hadoop.hive.cli.CliDriver.executeDriver(CliDriver.java:736)
	at org.apache.hadoop.hive.cli.CliDriver.run(CliDriver.java:681)
	at org.apache.hadoop.hive.cli.CliDriver.main(CliDriver.java:621)
	at sun.reflect.NativeMethodAccessorImpl.invoke0(Native Method)
	at sun.reflect.NativeMethodAccessorImpl.invoke(NativeMethodAccessorImpl.java:62)
	at sun.reflect.DelegatingMethodAccessorImpl.invoke(DelegatingMethodAccessorImpl.java:43)
	at java.lang.reflect.Method.invoke(Method.java:498)
	at org.apache.hadoop.util.RunJar.run(RunJar.java:226)
	at org.apache.hadoop.util.RunJar.main(RunJar.java:141)
FAILED: ParseException line 1:46 cannot recognize input near ',' 'High' ',' in column type
hive> CREATE EXTERNAL TABLE IF NOT EXISTS klse (High, High, Low, Adj, Adj)
    > row format delimited
    > fields terminated by ","
    > location '/user/hdfs'
    > tblproperties ("skip.header.line.count" = "1");
NoViableAltException(10@[])
	at org.apache.hadoop.hive.ql.parse.HiveParser.type(HiveParser.java:38685)
	at org.apache.hadoop.hive.ql.parse.HiveParser.colType(HiveParser.java:38442)
	at org.apache.hadoop.hive.ql.parse.HiveParser.columnNameType(HiveParser.java:38126)
	at org.apache.hadoop.hive.ql.parse.HiveParser.columnNameTypeList(HiveParser.java:36250)
	at org.apache.hadoop.hive.ql.parse.HiveParser.createTableStatement(HiveParser.java:5217)
	at org.apache.hadoop.hive.ql.parse.HiveParser.ddlStatement(HiveParser.java:2643)
	at org.apache.hadoop.hive.ql.parse.HiveParser.execStatement(HiveParser.java:1653)
	at org.apache.hadoop.hive.ql.parse.HiveParser.statement(HiveParser.java:1112)
	at org.apache.hadoop.hive.ql.parse.ParseDriver.parse(ParseDriver.java:202)
	at org.apache.hadoop.hive.ql.parse.ParseDriver.parse(ParseDriver.java:166)
	at org.apache.hadoop.hive.ql.Driver.compile(Driver.java:397)
	at org.apache.hadoop.hive.ql.Driver.compile(Driver.java:309)
	at org.apache.hadoop.hive.ql.Driver.compileInternal(Driver.java:1145)
	at org.apache.hadoop.hive.ql.Driver.runInternal(Driver.java:1193)
	at org.apache.hadoop.hive.ql.Driver.run(Driver.java:1082)
	at org.apache.hadoop.hive.ql.Driver.run(Driver.java:1072)
	at org.apache.hadoop.hive.cli.CliDriver.processLocalCmd(CliDriver.java:213)
	at org.apache.hadoop.hive.cli.CliDriver.processCmd(CliDriver.java:165)
	at org.apache.hadoop.hive.cli.CliDriver.processLine(CliDriver.java:376)
	at org.apache.hadoop.hive.cli.CliDriver.executeDriver(CliDriver.java:736)
	at org.apache.hadoop.hive.cli.CliDriver.run(CliDriver.java:681)
	at org.apache.hadoop.hive.cli.CliDriver.main(CliDriver.java:621)
	at sun.reflect.NativeMethodAccessorImpl.invoke0(Native Method)
	at sun.reflect.NativeMethodAccessorImpl.invoke(NativeMethodAccessorImpl.java:62)
	at sun.reflect.DelegatingMethodAccessorImpl.invoke(DelegatingMethodAccessorImpl.java:43)
	at java.lang.reflect.Method.invoke(Method.java:498)
	at org.apache.hadoop.util.RunJar.run(RunJar.java:226)
	at org.apache.hadoop.util.RunJar.main(RunJar.java:141)
FAILED: ParseException line 1:46 cannot recognize input near ',' 'High' ',' in column type
hive> CREATE EXTERNAL TABLE IF NOT EXISTS klse (High double, High double, Low double, Adj double, Adj double )
    > row format delimited
    > fields terminated by ","
    > location '/user/hdfs'
    > tblproperties ("skip.header.line.count" = "1");
FAILED: SemanticException [Error 10036]: Duplicate column name: high
hive> CREATE EXTERNAL TABLE IF NOT EXISTS klse (High double, Low double, Adj double)
    > row format delimited
    > fields terminated by ","
    > location '/user/hdfs'
    > tblproperties ("skip.header.line.count" = "1");
OK
Time taken: 0.981 seconds
hive> select * from klse;
OK
NULL	NULL	NULL
0.119319998	0.159999996	0.075000003
0.119319998	0.170000002	0.075000003
0.119319998	0.185000002	0.10909
0.121019997	0.185000002	0.112499997
0.122730002	0.200000003	0.112499997
0.126139998	0.202500001	0.119319998
0.136360005	0.212500006	0.127839997
0.136360005	0.209999993	0.122730002
0.136360005	0.209999993	0.131249994
0.136360005	0.200000003	0.129549995
0.143179998	0.204999998	0.129549995
0.143179998	0.200000003	0.134660006
0.136360005	0.204999998	0.132949993
0.139770001	0.202500001	0.134660006
0.136360005	0.197500005	0.132949993
0.138070002	0.207499996	0.132949993
0.136360005	0.200000003	0.129549995
0.136360005	0.197500005	0.129549995
0.136360005	0.197500005	0.136360005
0.134660006	0.194999993	0.129549995
NULL	0.200000003	NULL
0.139770001	0.202500001	0.131249994
0.136360005	0.202500001	0.131249994
0.136360005	0.197500005	0.129549995
0.136360005	0.200000003	0.129549995
0.132949993	0.200000003	0.129549995
0.132949993	0.204999998	0.129549995
0.136360005	0.200000003	0.126139998
0.136360005	0.204999998	0.129549995
0.129549995	0.209999993	0.129549995
0.194319993	0.209999993	0.127839997
0.197730005	0.204999998	0.127839997
0.129549995	0.204999998	0.127839997
0.136360005	0.209999993	0.126139998
0.126139998	0.212500006	0.126139998
0.129549995	0.207499996	0.126139998
0.129549995	0.209999993	0.126139998
0.132949993	0.212500006	0.126139998
0.129549995	0.217500001	0.127839997
0.126139998	0.242500007	0.126139998
0.129549995	0.254999995	0.126139998
0.131249994	0.252499998	0.129549995
0.132949993	0.245000005	0.129549995
0.129549995	0.245000005	0.129549995
0.139770001	0.242500007	0.129549995
0.129549995	0.242500007	0.127839997
0.129549995	0.247500002	0.129549995
0.136360005	0.247500002	0.129549995
0.136360005	0.245000005	0.134660006
0.136360005	0.247500002	0.132949993
0.139770001	0.245000005	0.136360005
0.136360005	0.247500002	0.134660006
0.138070002	0.245000005	0.134660006
0.150000006	0.245000005	0.139770001
0.153410003	0.245000005	0.144889995
0.177499995	0.239999995	0.165000007
0.174999997	0.245000005	0.170000002
0.174999997	0.247500002	0.170000002
0.174999997	0.25999999	0.170000002
0.174999997	0.25999999	0.170000002
0.177499995	0.25999999	0.170000002
0.174999997	0.25999999	0.170000002
0.174999997	0.25999999	0.159999996
0.174999997	0.25999999	0.167500004
0.170000002	0.257499993	0.167500004
0.174999997	0.257499993	0.167500004
0.174999997	0.25999999	0.165000007
0.177499995	0.25999999	0.174999997
0.180000007	0.25999999	0.177499995
0.1875	0.25999999	0.180000007
0.185000002	0.25999999	0.182500005
0.1875	0.25999999	0.185000002
0.194999993	0.257499993	0.1875
0.194999993	0.25	0.1875
0.197500005	0.25	0.189999998
0.200000003	0.252499998	0.200000003
0.204999998	0.252499998	0.194999993
0.197500005	0.257499993	0.194999993
0.194999993	0.257499993	0.1875
0.194999993	0.254999995	0.185000002
0.189999998	0.254999995	0.180000007
0.1875	0.247500002	0.1875
0.215000004	0.247500002	0.180000007
0.194999993	0.25	0.185000002
0.185000002	0.25	0.185000002
0.189999998	0.25	0.174999997
0.192499995	0.257499993	0.192499995
0.194999993	0.275000006	0.180000007
0.200000003	0.344999999	0.180000007
0.200000003	0.347499996	0.180000007
0.185000002	0.375	0.177499995
0.185000002	0.370000005	0.185000002
0.200000003	0.36500001	0.182500005
0.180000007	0.400000006	0.180000007
0.185000002	0.412499994	0.177499995
0.180000007	0.395000011	0.174999997
0.185000002	0.397500008	0.174999997
0.180000007	0.389999986	0.165000007
0.180000007	0.342500001	0.165000007
0.174999997	0.357499987	0.162499994
0.170000002	0.395000011	0.165000007
0.167500004	0.360000014	0.165000007
0.167500004	0.340000004	0.165000007
0.209999993	0.360000014	0.150000006
0.165000007	0.342500001	0.165000007
0.170000002	0.342500001	0.165000007
0.200000003	0.347499996	0.170000002
0.174999997	0.344999999	0.170000002
0.174999997	0.335000008	0.170000002
0.174999997	0.340000004	0.170000002
0.189999998	0.337500006	0.170000002
0.170000002	0.330000013	0.170000002
0.189999998	0.342500001	0.172499999
0.189999998	0.337500006	0.180000007
0.185000002	0.347499996	0.177499995
0.185000002	0.354999989	0.182500005
0.189999998	0.357499987	0.177499995
0.189999998	0.357499987	0.185000002
0.189999998	0.372500002	0.185000002
0.189999998	0.375	0.182500005
0.189999998	0.370000005	0.177499995
0.189999998	0.352499992	0.185000002
0.189999998	0.344999999	0.180000007
0.189999998	0.347499996	0.182500005
0.189999998	0.347499996	0.182500005
0.189999998	0.340000004	0.182500005
0.185000002	0.347499996	0.180000007
0.189999998	0.344999999	0.180000007
0.185000002	0.344999999	0.180000007
0.185000002	0.347499996	0.180000007
0.185000002	0.347499996	0.180000007
0.185000002	0.352499992	0.180000007
0.185000002	0.352499992	0.180000007
0.185000002	0.349999994	0.182500005
0.185000002	0.352499992	0.180000007
0.185000002	0.349999994	0.180000007
0.189999998	0.36500001	0.180000007
0.180000007	0.360000014	0.180000007
0.185000002	0.354999989	0.185000002
0.185000002	0.354999989	0.180000007
0.189999998	0.357499987	0.180000007
0.180000007	0.357499987	0.180000007
0.185000002	0.36500001	0.180000007
0.189999998	0.397500008	0.180000007
0.189999998	0.409999996	0.180000007
0.180000007	0.409999996	0.180000007
0.180000007	0.405000001	0.180000007
0.185000002	0.402500004	0.185000002
0.189999998	0.397500008	0.180000007
0.185000002	0.397500008	0.180000007
0.185000002	0.402500004	0.180000007
0.185000002	0.397500008	0.180000007
0.185000002	0.397500008	0.180000007
0.185000002	0.414999992	0.180000007
0.189999998	0.402500004	0.180000007
0.189999998	0.405000001	0.180000007
0.189999998	0.400000006	0.180000007
0.189999998	0.392500013	0.180000007
0.185000002	0.38499999	0.185000002
0.185000002	0.379999995	0.185000002
0.189999998	0.25999999	0.180000007
0.185000002	0.254999995	0.185000002
0.185000002	0.245000005	0.174999997
0.185000002	0.245000005	0.174999997
0.189999998	0.25	0.180000007
0.189999998	0.25	0.180000007
0.189999998	0.245000005	0.185000002
0.189999998	0.242500007	0.182500005
0.189999998	0.239999995	0.182500005
0.189999998	0.237499997	0.180000007
0.189999998	0.237499997	0.182500005
0.189999998	0.230000004	0.182500005
0.189999998	NULL	0.189999998
0.182500005	0.234999999	0.182500005
0.189999998	0.239999995	0.189999998
0.189999998	0.239999995	0.174999997
0.182500005	0.237499997	0.180000007
0.189999998	0.234999999	0.180000007
0.189999998	0.234999999	0.180000007
0.180000007	0.234999999	0.180000007
0.185000002	0.232500002	0.180000007
0.180000007	0.237499997	0.180000007
0.185000002	0.239999995	0.180000007
0.180000007	0.230000004	0.174999997
0.1875	0.232500002	0.180000007
0.189999998	0.232500002	0.180000007
0.189999998	0.232500002	0.180000007
0.189999998	0.224999994	0.180000007
0.189999998	0.224999994	0.180000007
0.219999999	0.224999994	0.189999998
0.207499996	0.224999994	0.202500001
0.207499996	0.222499996	0.200000003
0.204999998	0.219999999	0.200000003
0.200000003	0.215000004	0.189999998
0.194999993	0.215000004	0.192499995
0.212500006	0.212500006	0.197500005
0.209999993	0.215000004	0.207499996
0.209999993	0.209999993	0.200000003
0.207499996	0.209999993	0.204999998
0.204999998	0.209999993	0.200000003
0.200000003	0.207499996	0.194999993
0.197500005	0.275000006	0.194999993
0.197500005	0.237499997	0.189999998
0.194999993	0.234999999	0.192499995
0.197500005	0.234999999	0.192499995
0.197500005	0.232500002	0.189999998
0.200000003	0.232500002	0.189999998
0.200000003	0.224999994	0.189999998
0.194999993	0.230000004	0.192499995
0.200000003	0.234999999	0.192499995
0.200000003	0.237499997	0.194999993
0.197500005	0.232500002	0.189999998
0.200000003	0.232500002	0.189999998
0.194999993	0.224999994	0.189999998
0.197500005	0.234999999	0.194999993
0.200000003	0.237499997	0.189999998
0.200000003	0.224999994	0.189999998
0.197500005	0.224999994	0.189999998
0.189999998	0.224999994	0.189999998
0.194999993	0.222499996	0.189999998
0.189999998	0.232500002	0.180000007
0.189999998	0.219999999	0.180000007
